// Jest Snapshot v1, https://goo.gl/fbAQLP

exports[`Student Class Tests Studend Class Page Renders and alerts should render alerts correctly 1`] = `undefined`;

exports[`Student Class Tests Studend Class Page Renders and alerts should render card correctly 1`] = `
<ListGroupItem
  action={true}
  onClick={[Function]}
>
  name
</ListGroupItem>
`;

exports[`Student Class Tests Studend Class Page Renders and alerts should render modal correctly 1`] = `
<ModalDialog>
  <ModalHeader
    closeButton={false}
    closeLabel="Close"
  >
    <ModalTitle>
      Money Transfer to: 
    </ModalTitle>
  </ModalHeader>
  <ModalBody>
    <Form>
      <FormGroup
        className="mb-3"
        controlId="formBasicEmail"
      >
        <FormControl
          onChange={[Function]}
          placeholder="Enter the amount to send"
          type="email"
        />
      </FormGroup>
    </Form>
  </ModalBody>
  <ModalFooter>
    <Button
      active={false}
      disabled={false}
      onClick={[Function]}
      variant="secondary"
    >
      Cancel
    </Button>
    <Button
      active={false}
      className="classroom-button"
      disabled={false}
      onClick={[Function]}
      variant="primary"
    >
      Send
    </Button>
  </ModalFooter>
</ModalDialog>
`;

exports[`Student Class Tests Studend Class Page Renders and alerts should render page correctly 1`] = `
Array [
  <div
    className="wrapper"
  >
    <Navbar
      className="teacher-navbar"
      collapseOnSelect={true}
      expand="lg"
      variant="dark"
    >
      <Container
        fluid={false}
      >
        <NavbarBrand
          className="navbar-header"
        >
          Replecon
        </NavbarBrand>
        <Nav
          className="navbar-btns"
          fill={false}
          justify={false}
        >
          <Button
            active={false}
            className="navbar-btn"
            disabled={false}
            variant="light"
          >
            <Link
              className="navbar-link"
              to={
                Object {
                  "pathname": "/Profile",
                  "state": Object {
                    "role": "Student",
                    "token": "Token",
                  },
                }
              }
            >
              Profile
            </Link>
          </Button>
          <Button
            active={false}
            className="navbar-btn"
            disabled={false}
            variant="light"
          >
            <Link
              className="navbar-link"
              to={
                Object {
                  "pathname": "/StudentStore",
                  "state": Object {
                    "role": "Student",
                    "token": "Token",
                  },
                }
              }
            >
              Store
            </Link>
          </Button>
          <Button
            active={false}
            className="navbar-btn"
            disabled={false}
            variant="light"
          >
            <Link
              className="navbar-link"
              to={
                Object {
                  "pathname": "/StudentBank",
                  "state": Object {
                    "role": "Student",
                    "token": "Token",
                  },
                }
              }
            >
              Bank
            </Link>
          </Button>
          <Button
            active={false}
            className="navbar-btn"
            disabled={false}
            variant="light"
          >
            <Link
              className="navbar-link"
              to={
                Object {
                  "pathname": "/StudentClass",
                  "state": Object {
                    "role": "Student",
                    "token": "Token",
                  },
                }
              }
            >
              Classroom
            </Link>
          </Button>
        </Nav>
      </Container>
    </Navbar>
    <div
      className="classroom-content"
    >
      <div
        className="title"
      >
        <h3>
          
           - Mr.
          
        </h3>
        <h6>
          Current Balance: 
          
        </h6>
      </div>
      <div
        className="classroom-boxes"
      >
        <div
          className="student-list"
        >
          <ListGroup />
        </div>
        <div
          className="transfer"
        />
      </div>
    </div>
    <div
      className="footer"
    >
      <p>
        Your classroom: 
        
      </p>
    </div>
  </div>,
]
`;
